-- test cases for #3970
SET search_path = test_3970;
--5. add a partition
--   This command will fail as the child table has a wrong constraint name
CREATE TABLE part_table_p202009 PARTITION OF part_table FOR VALUES FROM ('2020-09-01 00:00:00') TO ('2020-10-01 00:00:00');
ERROR:  child table is missing constraint "my_seq_xxxxxx"
CONTEXT:  while executing command on localhost:xxxxx
-- fix constraint names on partitioned table shards
SELECT fix_partition_constraints('part_table'::regclass);
 fix_partition_constraints
---------------------------------------------------------------------

(1 row)

--5. add a partition
CREATE TABLE part_table_p202009 PARTITION OF part_table FOR VALUES FROM ('2020-09-01 00:00:00') TO ('2020-10-01 00:00:00');
RESET search_path;
DROP SCHEMA test_3970 CASCADE;
NOTICE:  drop cascades to table test_3970.part_table
